// Jest Snapshot v1, https://goo.gl/fbAQLP

exports[`ListBoxMenu should render 1`] = `
<div
  className="bx--list-box__menu"
>
  <div
    className="bx--list-box__menu-item"
    id={0}
    key="0"
  >
    <input
      checked={false}
      className="bx--checkbox"
      id={0}
      name="Item 0"
      onClick={[Function]}
      readOnly={true}
      tabIndex="-1"
      type="checkbox"
    />
    <label
      className="bx--checkbox-label"
      htmlFor={0}
    >
      <span
        className="bx--checkbox-appearance"
      >
        <Icon
          className="bx--checkbox-checkmark"
          description="Provide a description that will be used as the title"
          fillRule="evenodd"
          name="checkmark"
          role="img"
        />
      </span>
      Item 0
    </label>
  </div>
  <div
    className="bx--list-box__menu-item"
    id={1}
    key="1"
  >
    <input
      checked={false}
      className="bx--checkbox"
      id={1}
      name="Item 1"
      onClick={[Function]}
      readOnly={true}
      tabIndex="-1"
      type="checkbox"
    />
    <label
      className="bx--checkbox-label"
      htmlFor={1}
    >
      <span
        className="bx--checkbox-appearance"
      >
        <Icon
          className="bx--checkbox-checkmark"
          description="Provide a description that will be used as the title"
          fillRule="evenodd"
          name="checkmark"
          role="img"
        />
      </span>
      Item 1
    </label>
  </div>
  <div
    className="bx--list-box__menu-item"
    id={2}
    key="2"
  >
    <input
      checked={false}
      className="bx--checkbox"
      id={2}
      name="Item 2"
      onClick={[Function]}
      readOnly={true}
      tabIndex="-1"
      type="checkbox"
    />
    <label
      className="bx--checkbox-label"
      htmlFor={2}
    >
      <span
        className="bx--checkbox-appearance"
      >
        <Icon
          className="bx--checkbox-checkmark"
          description="Provide a description that will be used as the title"
          fillRule="evenodd"
          name="checkmark"
          role="img"
        />
      </span>
      Item 2
    </label>
  </div>
  <div
    className="bx--list-box__menu-item"
    id={3}
    key="3"
  >
    <input
      checked={false}
      className="bx--checkbox"
      id={3}
      name="Item 3"
      onClick={[Function]}
      readOnly={true}
      tabIndex="-1"
      type="checkbox"
    />
    <label
      className="bx--checkbox-label"
      htmlFor={3}
    >
      <span
        className="bx--checkbox-appearance"
      >
        <Icon
          className="bx--checkbox-checkmark"
          description="Provide a description that will be used as the title"
          fillRule="evenodd"
          name="checkmark"
          role="img"
        />
      </span>
      Item 3
    </label>
  </div>
  <div
    className="bx--list-box__menu-item"
    id={4}
    key="4"
  >
    <input
      checked={false}
      className="bx--checkbox"
      id={4}
      name="Item 4"
      onClick={[Function]}
      readOnly={true}
      tabIndex="-1"
      type="checkbox"
    />
    <label
      className="bx--checkbox-label"
      htmlFor={4}
    >
      <span
        className="bx--checkbox-appearance"
      >
        <Icon
          className="bx--checkbox-checkmark"
          description="Provide a description that will be used as the title"
          fillRule="evenodd"
          name="checkmark"
          role="img"
        />
      </span>
      Item 4
    </label>
  </div>
</div>
`;
