// Jest Snapshot v1, https://goo.gl/fbAQLP

exports[`DataTable.TableSelectRow should render 1`] = `
<Table>
  <table
    className="bx--data-table-v2 bx--data-table-v2--zebra"
  >
    <TableHead>
      <thead>
        <TableRow>
          <tr>
            <TableSelectRow
              checked={false}
              className="custom-class-name"
              id="id"
              name="select-all"
              onSelect={[MockFunction]}
            >
              <td>
                <InlineCheckbox
                  checked={false}
                  id="id"
                  name="select-all"
                  onClick={[MockFunction]}
                >
                  <input
                    checked={false}
                    className="bx--checkbox"
                    id="id"
                    name="select-all"
                    type="checkbox"
                  />
                  <label
                    className="bx--checkbox-label"
                    htmlFor="id"
                    onClick={[MockFunction]}
                  />
                </InlineCheckbox>
              </td>
            </TableSelectRow>
          </tr>
        </TableRow>
      </thead>
    </TableHead>
  </table>
</Table>
`;
