// Jest Snapshot v1, https://goo.gl/fbAQLP

exports[`DataTable.BatchEditableTable should render 1`] = `
<Table
  className="bx--data-table-v2--batch-editable"
  zebra={true}
/>
`;
