// Jest Snapshot v1, https://goo.gl/fbAQLP

exports[`DataTable.TableBatchEditDeleteHeader should render 1`] = `
<TableHeader
  className="bx--data-table-v2--batch-edit-delete-cell"
  isSortable={false}
  scope="col"
  translateWithId={[Function]}
/>
`;
