// Jest Snapshot v1, https://goo.gl/fbAQLP

exports[`DataTable.TableCell should render 1`] = `
<Table
  shouldShowBorder={true}
>
  <table
    className="bx--data-table"
  >
    <TableBody>
      <tbody>
        <TableRow>
          <tr>
            <TableCell
              className="custom-class"
            >
              <td
                className="custom-class"
              />
            </TableCell>
          </tr>
        </TableRow>
      </tbody>
    </TableBody>
  </table>
</Table>
`;
