// Jest Snapshot v1, https://goo.gl/fbAQLP

exports[`DataTable.TableBatchEditDeleteCell should render 1`] = `
<TableCell
  className="bx--data-table-v2--batch-edit-delete-cell"
/>
`;
