// Jest Snapshot v1, https://goo.gl/fbAQLP

exports[`DataTable.TableBatchAction should render 1`] = `
<TableBatchAction
  className="custom-class"
  iconDescription="Add"
>
  <Button
    className="custom-class"
    disabled={false}
    icon="add--solid"
    iconDescription="Add"
    kind="ghost"
    small={true}
    tabIndex={0}
    type="button"
  >
    <button
      className="custom-class bx--btn bx--btn--sm bx--btn--ghost"
      disabled={false}
      tabIndex={0}
      type="button"
    >
      <Icon
        className="bx--btn__icon"
        description="Add"
        fillRule="evenodd"
        name="add--solid"
        role="img"
      >
        <svg
          alt="Add"
          aria-label="Add"
          className="bx--btn__icon"
          fillRule="evenodd"
          name="add--solid"
          role="img"
        >
          <title>
            Add
          </title>
        </svg>
      </Icon>
    </button>
  </Button>
</TableBatchAction>
`;
