// Jest Snapshot v1, https://goo.gl/fbAQLP

exports[`DataTable.TableHead should render 1`] = `
<Table>
  <table
    className="bx--data-table"
  >
    <TableHead
      className="custom-class"
    >
      <thead
        className="custom-class"
      />
    </TableHead>
  </table>
</Table>
`;
