// Jest Snapshot v1, https://goo.gl/fbAQLP

exports[`DataTable.TableBatchEditableContainer should render 1`] = `
<TableContainer
  className="bx--data-table-v2--batch-editable"
/>
`;
