// Jest Snapshot v1, https://goo.gl/fbAQLP

exports[`Header should render 1`] = `
<Header
  className="custom-class"
>
  <header
    className="bx--header custom-class"
  />
</Header>
`;
