// Jest Snapshot v1, https://goo.gl/fbAQLP

exports[`HeaderName should render 1`] = `
<HeaderName
  className="custom-class"
  href="/"
  prefix="IBM"
>
  <Link
    className="bx--header__name custom-class"
    element="a"
    href="/"
  >
    <a
      className="bx--header__name custom-class"
      href="/"
    >
      IBM
      Â 
      <span
        className="bx--header__platform-name"
      >
        Name
      </span>
    </a>
  </Link>
</HeaderName>
`;
