// Jest Snapshot v1, https://goo.gl/fbAQLP

exports[`SideNavSwitcher should render 1`] = `
<ForwardRef
  className="custom-classname"
  labelText="label"
  onChange={[MockFunction]}
  options={
    Array [
      "Option 1",
      "Option 2",
      "Option 3",
    ]
  }
>
  <div
    className="bx--side-nav__switcher custom-classname"
  >
    <label
      className="bx--assistive-text"
      htmlFor="side-nav-switcher"
    >
      label
    </label>
    <select
      className="bx--side-nav__select"
      defaultValue=""
      id="carbon-side-nav-switcher"
      onBlur={[MockFunction]}
      onChange={[MockFunction]}
    >
      <option
        className="bx--side-nav__option"
        disabled={true}
        hidden={true}
        value=""
      >
        label
      </option>
      <option
        className="bx--side-nav__option"
        key="Option 1"
        value="Option 1"
      >
        Option 1
      </option>
      <option
        className="bx--side-nav__option"
        key="Option 2"
        value="Option 2"
      >
        Option 2
      </option>
      <option
        className="bx--side-nav__option"
        key="Option 3"
        value="Option 3"
      >
        Option 3
      </option>
    </select>
    <div
      className="bx--side-nav__switcher-chevron"
    >
      <ChevronDown>
        <svg
          aria-hidden="true"
          height="20"
          viewBox="0 0 32 32"
          width="20"
          xmlns="http://www.w3.org/2000/svg"
        >
          <path
            d="M16 22L6 12l1.414-1.414L16 19.172l8.586-8.586L26 12 16 22z"
          />
        </svg>
      </ChevronDown>
    </div>
  </div>
</ForwardRef>
`;
