// Jest Snapshot v1, https://goo.gl/fbAQLP

exports[`ListBoxMenu should render 1`] = `
<ListBoxMenu>
  <div
    className="bx--list-box__menu"
  >
    <span>
      Hello
    </span>
  </div>
</ListBoxMenu>
`;
