// Jest Snapshot v1, https://goo.gl/fbAQLP

exports[`ListBoxField should render 1`] = `
<ListBoxField>
  <div
    className="bx--list-box__field"
    tabIndex="0"
  >
    <span>
      Hello
    </span>
  </div>
</ListBoxField>
`;
